[2019-12-10 19:37:42,471] INFO in bee_record: Getting beedex ID 5
[2019-12-10 19:37:42,471] DEBUG in database: Instantiating thread pool
[2019-12-10 19:37:42,471] INFO in database: Connecting to root@localhost:5432/beecologydb
[2019-12-10 19:37:42,475] INFO in bee_record: Got a database connection!
[2019-12-10 19:38:03,925] INFO in bee_record: Getting beedex ID 5
[2019-12-10 19:38:03,925] DEBUG in database: Instantiating thread pool
[2019-12-10 19:38:03,925] INFO in database: Connecting to root@localhst:5432/beecologydb
[2019-12-10 19:38:28,117] INFO in bee_record: Getting beedex ID 5
[2019-12-10 19:38:28,117] DEBUG in database: Instantiating thread pool
[2019-12-10 19:38:28,117] INFO in database: Connecting to root@192.168.1.5:5432/beecologydb
[2019-12-10 19:39:04,548] INFO in bee_record: Getting beedex ID 5
[2019-12-10 19:39:04,549] DEBUG in database: Instantiating thread pool
[2019-12-10 19:39:04,549] INFO in database: Connecting to root@localhost:5432/beecologydb
[2019-12-10 19:39:04,551] INFO in bee_record: Got a database connection!
[2019-12-10 19:39:39,465] INFO in bee_record: Getting beedex ID 5
[2019-12-10 19:39:39,465] DEBUG in database: Instantiating thread pool
[2019-12-10 19:39:39,465] INFO in database: Connecting to database root@localhost:5432/beecologydb
[2019-12-10 19:39:39,467] INFO in bee_record: Got a database connection!
[2019-12-10 19:39:53,875] INFO in bee_record: Getting beedex ID 5
[2019-12-10 19:39:53,875] DEBUG in database: Instantiating thread pool
[2019-12-10 19:39:53,876] INFO in database: Connecting to database root@localhost:5432/beecologydb
[2019-12-10 19:41:07,098] INFO in bee_record: Getting beedex ID 5
[2019-12-10 19:41:07,099] DEBUG in database: Instantiating thread pool
[2019-12-10 19:41:07,099] INFO in database: Connecting to database root@localhost:5432/beecologydb
[2019-12-10 19:41:53,491] INFO in bee_record: Getting beedex ID 5
[2019-12-10 19:41:53,491] DEBUG in database: Instantiating thread pool
[2019-12-10 19:41:53,491] INFO in database: Connecting to database root@localhost:5432/beecologydb
[2019-12-10 19:41:53,491] CRITICAL in database: Failed to connect to database: could not connect to server: Connection refused
	Is the server running on host "localhost" (::1) and accepting
	TCP/IP connections on port 5432?
could not connect to server: Connection refused
	Is the server running on host "localhost" (127.0.0.1) and accepting
	TCP/IP connections on port 5432?
could not connect to server: Connection refused
	Is the server running on host "localhost" (127.0.0.1) and accepting
	TCP/IP connections on port 5432?

[2019-12-10 19:42:23,951] INFO in bee_record: Getting beedex ID 5
[2019-12-10 19:42:23,951] DEBUG in database: Instantiating thread pool
[2019-12-10 19:42:23,951] INFO in database: Connecting to database root@localhost:5432/beecologydb
[2019-12-10 19:42:24,191] INFO in bee_record: Got a database connection!
[2019-12-10 19:44:19,346] INFO in bee_record: Getting beedex ID 5
[2019-12-10 19:44:19,346] DEBUG in database: Instantiating thread pool
[2019-12-10 19:44:19,347] INFO in database: Connecting to database root@localhost:5432/beecologydb
[2019-12-10 19:44:51,678] INFO in bee_record: Getting beedex ID 5
[2019-12-10 19:44:51,678] DEBUG in database: Instantiating thread pool
[2019-12-10 19:44:51,678] INFO in database: Connecting to database root@localhost:5432/beecologydb
[2019-12-10 19:44:51,680] INFO in bee_record: <cursor object at 0x7f3ea7cc2c70; closed: 0>
[2019-12-10 19:45:47,518] INFO in bee_record: Getting beedex ID 5
[2019-12-10 19:45:47,518] DEBUG in database: Instantiating thread pool
[2019-12-10 19:45:47,518] INFO in database: Connecting to database root@localhost:5432/beecologydb
[2019-12-10 19:45:47,520] INFO in bee_record: <class 'psycopg2.extensions.cursor'>
[2019-12-10 19:46:14,246] INFO in bee_record: Getting beedex ID 5
[2019-12-10 19:46:14,246] DEBUG in database: Instantiating thread pool
[2019-12-10 19:46:14,247] INFO in database: Connecting to database root@localhost:5432/beecologydb
[2019-12-10 19:46:14,249] INFO in bee_record: <class 'psycopg2.extensions.cursor'>
[2019-12-10 19:50:15,577] INFO in bee_record: Getting beedex ID 5
[2019-12-10 19:50:15,593] DEBUG in database: Instantiating thread pool
[2019-12-10 19:50:15,593] INFO in database: Connecting to database root@localhost:5432/beecologydb
[2019-12-10 19:50:15,595] WARNING in database: Error re-pooling connection: <class 'TypeError'>, 'int' object does not support indexing, <traceback object at 0x7f374c080580>
[2019-12-10 20:28:22,239] INFO in bee_record: Getting beedex ID 5
[2019-12-10 20:28:22,240] DEBUG in database: Instantiating thread pool
[2019-12-10 20:28:22,240] INFO in database: Connecting to database root@localhost:5432/beecologydb
[2019-12-10 20:28:22,251] INFO in bee_record: Returning 1 beedex entries
[2019-12-10 20:28:22,255] INFO in bee_record: Getting beedex ID *
[2019-12-10 20:28:22,255] INFO in bee_record: Returning 11 beedex entries
